]0;/home/rstudio/reidentifyrstudio@a011e76b09da:~/reidentify$ [Krstudio@a011e76b09da:~/reidentify$ ls
DESCRIPTION  NAMESPACE	R  man	reidentify.Rproj  test
]0;/home/rstudio/reidentifyrstudio@a011e76b09da:~/reidentify$ git status
fatal: Not a git repository (or any of the parent directories): .git
]0;/home/rstudio/reidentifyrstudio@a011e76b09da:~/reidentify$ git inint
git: 'inint' is not a git command. See 'git --help'.

Did you mean this?
	init
]0;/home/rstudio/reidentifyrstudio@a011e76b09da:~/reidentify$ git init
Initialized empty Git repository in /home/rstudio/reidentify/.git/
]0;/home/rstudio/reidentifyrstudio@a011e76b09da:~/reidentify$ git rep[K[K[Kremote -v ^M[K[K https://github.com/gghatano/reidentiify.git
error: Unknown subcommand: https://github.com/gghatano/reidentify.git
usage: git remote [-v | --verbose]
   or: git remote add [-t <branch>] [-m <master>] [-f] [--tags | --no-tags] [--mirror=<fetch|push>] <name> <url>
   or: git remote rename <old> <new>
   or: git remote remove <name>
   or: git remote set-head <name> (-a | --auto | -d | --delete | <branch>)
   or: git remote [-v | --verbose] show [-n] <name>
   or: git remote prune [-n | --dry-run] <name>
   or: git remote [-v | --verbose] update [-p | --prune] [(<group> | <remote>)...]
   or: git remote set-branches [--add] <name> <branch>...
   or: git remote get-url [--push] [--all] <name>
   or: git remote set-url [--push] <name> <newurl> [<oldurl>]
   or: git remote set-url --add <name> <newurl>
   or: git remote set-url --delete <name> <url>

    -v, --verbose         be verbose; must be placed before a subcommand

]0;/home/rstudio/reidentifyrstudio@a011e76b09da:~/reidentify$ git remote -v https://github.com/gghatano/reidentiify.git[A[C[C[C[C[C[C[C[C[C[C[C[C[C[C[C[C[C[C[C[C[C[C[C[C[C[C[C[C[C[C[C[C[C[C[C[C[C[C[C[C[C[C[C[C[C[C[C[C[C[C[C[C[C[C[C[C[C[C[C[C[C[C[C[C[C[C[C[C[C[C[C[C[C[C[C[C[C[C[C[C[C[C[C https://github.com/gghatano/reidentif[1Py.git[A[C[C[C[C[C[C[C[C[C[C[C[C[C[C[C[C[C[C[C[C[C[C[C[C[C[C[C[C[C[C[C[C[C[C[C[C[C[C[C[C[C https://github.com/gghatano/reidentify[1P.git[A[C[C[C[C[C[C[C[C[C[C[C[C[C[C[C[C[C[C[C[C[C[C[C[C[C[C[C[C[C[C[C[C[C[C[C[C[C[C[C[C[Ca https://github.com/gghatano/reidentify.git[A[C[C[C[C[C[C[C[C[C[C[C[C[C[C[C[C[C[C[C[C[C[C[C[C[C[C[C[C[C[C[C[C[C[C[C[C[C[C[C[C[Cd https://github.com/gghatano/reidentify.git[A[C[C[C[C[C[C[C[C[C[C[C[C[C[C[C[C[C[C[C[C[C[C[C[C[C[C[C[C[C[C[C[C[C[C[C[C[C[C[C[C[Cd https://github.com/gghatano/reidentify.git[A[C[C[C[C[C[C[C[C[C[C[C[C[C[C[C[C[C[C[C[C[C[C[C[C[C[C[C[C[C[C[C[C[C[C[C[C[C[C[C[C[C[C https://github.com/gghatano/reidentify.git[A[C[C[C[C[C[C[C[C[C[C[C[C[C[C[C[C[C[C[C[C[C[C[C[C[C[C[C[C[C[C[C[C[C[C[C[C[C[C[C[C[Co https://github.com/gghatano/reidentify.git[A[C[C[C[C[C[C[C[C[C[C[C[C[C[C[C[C[C[C[C[C[C[C[C[C[C[C[C[C[C[C[C[C[C[C[C[C[C[C[C[C[Cr https://github.com/gghatano/reidentify.git[A[C[C[C[C[C[C[C[C[C[C[C[C[C[C[C[C[C[C[C[C[C[C[C[C[C[C[C[C[C[C[C[C[C[C[C[C[C[C[C[C[Ci https://github.com/gghatano/reidentify.git[A[C[C[C[C[C[C[C[C[C[C[C[C[C[C[C[C[C[C[C[C[C[C[C[C[C[C[C[C[C[C[C[C[C[C[C[C[C[C[C[C[Cg https://github.com/gghatano/reidentify.git[A[C[C[C[C[C[C[C[C[C[C[C[C[C[C[C[C[C[C[C[C[C[C[C[C[C[C[C[C[C[C[C[C[C[C[C[C[C[C[C[C[Ci https://github.com/gghatano/reidentify.git[A[C[C[C[C[C[C[C[C[C[C[C[C[C[C[C[C[C[C[C[C[C[C[C[C[C[C[C[C[C[C[C[C[C[C[C[C[C[C[C[C[Cn https://github.com/gghatano/reidentify.git[A[C[C[C[C[C[C[C[C[C[C[C[C[C[C[C[C[C[C[C[C[C[C[C[C[C[C[C[C[C[C[C[C[C[C[C[C[C[C[C[C[C[C https://github.com/gghatano/reidentify.git[A[C[C[C[C[C[C[C[C[C[C[C[C[C[C[C[C[C[C[C[C[C[C[C[C[C[C[C[C[C[C[C[C[C[C[C[C[C[C[C[C[C

]0;/home/rstudio/reidentifyrstudio@a011e76b09da:~/reidentify$ git push origin mst[K[K[Kmaster
error: src refspec master does not match any.
error: failed to push some refs to 'https://github.com/gghatano/reidentify.git'
]0;/home/rstudio/reidentifyrstudio@a011e76b09da:~/reidentify$ git add -A
]0;/home/rstudio/reidentifyrstudio@a011e76b09da:~/reidentify$ git status
On branch master

Initial commit

Changes to be committed:
  (use "git rm --cached <file>..." to unstage)

	[32mnew file:   .Rbuildignore[m
	[32mnew file:   .Rhistory[m
	[32mnew file:   .Rproj.user/F47B341B/console06/F9DEBA7D[m
	[32mnew file:   .Rproj.user/F47B341B/console06/F9DEBA7D.env[m
	[32mnew file:   .Rproj.user/F47B341B/console06/INDEX001[m
	[32mnew file:   .Rproj.user/F47B341B/cpp-definition-cache[m
	[32mnew file:   .Rproj.user/F47B341B/pcs/debug-breakpoints.pper[m
	[32mnew file:   .Rproj.user/F47B341B/pcs/files-pane.pper[m
	[32mnew file:   .Rproj.user/F47B341B/pcs/source-pane.pper[m
	[32mnew file:   .Rproj.user/F47B341B/pcs/windowlayoutstate.pper[m
	[32mnew file:   .Rproj.user/F47B341B/pcs/workbench-pane.pper[m
	[32mnew file:   .Rproj.user/F47B341B/persistent-state[m
	[32mnew file:   .Rproj.user/F47B341B/saved_source_markers[m
	[32mnew file:   .Rproj.user/F47B341B/sources/prop/1505A35[m
	[32mnew file:   .Rproj.user/F47B341B/sources/prop/2306EFDD[m
	[32mnew file:   .Rproj.user/F47B341B/sources/prop/53CE64DA[m
	[32mnew file:   .Rproj.user/F47B341B/sources/prop/549BC88[m
	[32mnew file:   .Rproj.user/F47B341B/sources/prop/9DF5306D[m
	[32mnew file:   .Rproj.user/F47B341B/sources/prop/A5220117[m
	[32mnew file:   .Rproj.user/F47B341B/sources/prop/F56C2148[m
	[32mnew file:   .Rproj.user/F47B341B/sources/prop/FD9DED87[m
	[32mnew file:   .Rproj.user/F47B341B/sources/prop/INDEX[m
	[32mnew file:   .Rproj.user/F47B341B/sources/s-5675a628/4210D506[m
	[32mnew file:   .Rproj.user/F47B341B/sources/s-5675a628/4210D506-contents[m
	[32mnew file:   .Rproj.user/F47B341B/sources/s-5675a628/67112A39[m
	[32mnew file:   .Rproj.user/F47B341B/sources/s-5675a628/67112A39-contents[m
	[32mnew file:   .Rproj.user/F47B341B/sources/s-5675a628/734DE940[m
	[32mnew file:   .Rproj.user/F47B341B/sources/s-5675a628/734DE940-contents[m
	[32mnew file:   .Rproj.user/F47B341B/sources/s-5675a628/7DDA028C[m
	[32mnew file:   .Rproj.user/F47B341B/sources/s-5675a628/7DDA028C-contents[m
	[32mnew file:   .Rproj.user/F47B341B/sources/s-5675a628/81B38E8E-contents[m
	[32mnew file:   .Rproj.user/F47B341B/sources/s-5675a628/8BC1FCC-contents[m
	[32mnew file:   .Rproj.user/F47B341B/sources/s-5675a628/A648680C-contents[m
	[32mnew file:   .Rproj.user/F47B341B/sources/s-5675a628/F609D8DE[m
	[32mnew file:   .Rproj.user/F47B341B/sources/s-5675a628/F609D8DE-contents[m
	[32mnew file:   .Rproj.user/F47B341B/sources/s-5675a628/lock_file[m
	[32mnew file:   .Rproj.user/shared/notebooks/patch-chunk-names[m
	[32mnew file:   .Rproj.user/shared/notebooks/paths[m
	[32mnew file:   DESCRIPTION[m
	[32mnew file:   NAMESPACE[m
	[32mnew file:   R/create_dummy_data.R[m
	[32mnew file:   man/create_dummy_master_data.Rd[m
	[32mnew file:   man/create_dummy_transaction_data.Rd[m
	[32mnew file:   man/create_row_anon_joined_data.Rd[m
	[32mnew file:   reidentify.Rproj[m
	[32mnew file:   test/test_create_data.R[m

Changes not staged for commit:
  (use "git add <file>..." to update what will be committed)
  (use "git checkout -- <file>..." to discard changes in working directory)

	[31mmodified:   .Rproj.user/F47B341B/console06/F9DEBA7D[m

]0;/home/rstudio/reidentifyrstudio@a011e76b09da:~/reidentify$ git commit -m ""f"i"r"s"t" "c"o"m"m"i"t"
[master (root-commit) b7e35d5] first commit
 46 files changed, 963 insertions(+)
 create mode 100644 .Rbuildignore
 create mode 100644 .Rhistory
 create mode 100644 .Rproj.user/F47B341B/console06/F9DEBA7D
 create mode 100644 .Rproj.user/F47B341B/console06/F9DEBA7D.env
 create mode 100644 .Rproj.user/F47B341B/console06/INDEX001
 create mode 100644 .Rproj.user/F47B341B/cpp-definition-cache
 create mode 100644 .Rproj.user/F47B341B/pcs/debug-breakpoints.pper
 create mode 100644 .Rproj.user/F47B341B/pcs/files-pane.pper
 create mode 100644 .Rproj.user/F47B341B/pcs/source-pane.pper
 create mode 100644 .Rproj.user/F47B341B/pcs/windowlayoutstate.pper
 create mode 100644 .Rproj.user/F47B341B/pcs/workbench-pane.pper
 create mode 100644 .Rproj.user/F47B341B/persistent-state
 create mode 100644 .Rproj.user/F47B341B/saved_source_markers
 create mode 100644 .Rproj.user/F47B341B/sources/prop/1505A35
 create mode 100644 .Rproj.user/F47B341B/sources/prop/2306EFDD
 create mode 100644 .Rproj.user/F47B341B/sources/prop/53CE64DA
 create mode 100644 .Rproj.user/F47B341B/sources/prop/549BC88
 create mode 100644 .Rproj.user/F47B341B/sources/prop/9DF5306D
 create mode 100644 .Rproj.user/F47B341B/sources/prop/A5220117
 create mode 100644 .Rproj.user/F47B341B/sources/prop/F56C2148
 create mode 100644 .Rproj.user/F47B341B/sources/prop/FD9DED87
 create mode 100644 .Rproj.user/F47B341B/sources/prop/INDEX
 create mode 100644 .Rproj.user/F47B341B/sources/s-5675a628/4210D506
 create mode 100644 .Rproj.user/F47B341B/sources/s-5675a628/4210D506-contents
 create mode 100644 .Rproj.user/F47B341B/sources/s-5675a628/67112A39
 create mode 100644 .Rproj.user/F47B341B/sources/s-5675a628/67112A39-contents
 create mode 100644 .Rproj.user/F47B341B/sources/s-5675a628/734DE940
 create mode 100644 .Rproj.user/F47B341B/sources/s-5675a628/734DE940-contents
 create mode 100644 .Rproj.user/F47B341B/sources/s-5675a628/7DDA028C
 create mode 100644 .Rproj.user/F47B341B/sources/s-5675a628/7DDA028C-contents
 create mode 100644 .Rproj.user/F47B341B/sources/s-5675a628/81B38E8E-contents
 create mode 100644 .Rproj.user/F47B341B/sources/s-5675a628/8BC1FCC-contents
 create mode 100644 .Rproj.user/F47B341B/sources/s-5675a628/A648680C-contents
 create mode 100644 .Rproj.user/F47B341B/sources/s-5675a628/F609D8DE
 create mode 100644 .Rproj.user/F47B341B/sources/s-5675a628/F609D8DE-contents
 create mode 100644 .Rproj.user/F47B341B/sources/s-5675a628/lock_file
 create mode 100644 .Rproj.user/shared/notebooks/patch-chunk-names
 create mode 100644 .Rproj.user/shared/notebooks/paths
 create mode 100644 DESCRIPTION
 create mode 100644 NAMESPACE
 create mode 100644 R/create_dummy_data.R
 create mode 100644 man/create_dummy_master_data.Rd
 create mode 100644 man/create_dummy_transaction_data.Rd
 create mode 100644 man/create_row_anon_joined_data.Rd
 create mode 100644 reidentify.Rproj
 create mode 100644 test/test_create_data.R
]0;/home/rstudio/reidentifyrstudio@a011e76b09da:~/reidentify$ git status
On branch master
Changes not staged for commit:
  (use "git add/rm <file>..." to update what will be committed)
  (use "git checkout -- <file>..." to discard changes in working directory)

	[31mmodified:   .Rproj.user/F47B341B/console06/F9DEBA7D[m
	[31mmodified:   .Rproj.user/F47B341B/console06/INDEX001[m
	[31mmodified:   .Rproj.user/F47B341B/pcs/files-pane.pper[m
	[31mmodified:   .Rproj.user/F47B341B/pcs/windowlayoutstate.pper[m
	[31mmodified:   .Rproj.user/F47B341B/pcs/workbench-pane.pper[m
	[31mmodified:   .Rproj.user/F47B341B/persistent-state[m
	[31mmodified:   .Rproj.user/F47B341B/sources/prop/1505A35[m
	[31mmodified:   .Rproj.user/F47B341B/sources/prop/549BC88[m
	[31mmodified:   .Rproj.user/F47B341B/sources/s-5675a628/4210D506[m
	[31mmodified:   .Rproj.user/F47B341B/sources/s-5675a628/4210D506-contents[m
	[31mdeleted:    .Rproj.user/F47B341B/sources/s-5675a628/67112A39[m
	[31mdeleted:    .Rproj.user/F47B341B/sources/s-5675a628/734DE940[m
	[31mdeleted:    .Rproj.user/F47B341B/sources/s-5675a628/7DDA028C[m
	[31mmodified:   .Rproj.user/F47B341B/sources/s-5675a628/F609D8DE[m
	[31mmodified:   .Rproj.user/F47B341B/sources/s-5675a628/F609D8DE-contents[m
	[31mmodified:   .Rproj.user/shared/notebooks/paths[m
	[31mmodified:   R/create_dummy_data.R[m
	[31mmodified:   man/create_dummy_transaction_data.Rd[m
	[31mdeleted:    man/create_row_anon_joined_data.Rd[m
	[31mmodified:   test/test_create_data.R[m

Untracked files:
  (use "git add <file>..." to include in what will be committed)

	[31m.gitignore[m
	[31mman/join_row_anon_data.Rd[m

no changes added to commit (use "git add" and/or "git commit -a")
]0;/home/rstudio/reidentifyrstudio@a011e76b09da:~/reidentify$ git [K[K[K[Kgit add -A